// Vitest Snapshot v1, https://vitest.dev/guide/snapshot.html

exports[`Prueba en <HeroPage />  > debe de retornar el hero spider  1`] = `
<div>
  <div
    class="row mt-5 "
  >
    <div
      class="col-4"
    >
      <img
        alt=""
        aria-label="img-hero"
        class="img-thumbnail animate__animated animate__fadeInLeft"
        src="/src/assets/heroes/marvel-spider.jpg"
      />
    </div>
    <div
      class="col-8"
    >
      <h3>
        Spider Man
      </h3>
      <ul
        class="list-group list-group-flush"
      >
        <li
          class="list-group-item"
        >
          <b>
            Alter ego:
          </b>
           
          Peter Parker
        </li>
        <li
          class="list-group-item"
        >
          <b>
            Publisher:
          </b>
           
          Marvel Comics
        </li>
        <li
          class="list-group-item"
        >
          <b>
            First Appearance:
          </b>
           
          Amazing Fantasy #15
        </li>
      </ul>
      <div
        class="mt-3"
      >
        Characters
      </div>
      <p>
        Peter Parker
      </p>
      <button
        class="btn btn-outline-primary"
      >
        Regresar
      </button>
    </div>
  </div>
</div>
`;

exports[`Prueba en <HeroPage />  > debe de retornar el hero spider 1`] = `<div />`;
